[www.rebelforce.nl/index.html]
[assets.apollo.io/micro/website-tracker/tracker.iife9bda.js]
[js-eu1.hs-scripts.com/144685471.js]
[backblue.gif]
[fade.gif]
[index.html]
[framerusercontent.com/images/qSi4jpSberDimJ9L6p0my24JM0.png]
[framerusercontent.com/images/M9yci3d5Pkq69rfdyU9vV30stoE.png]
[www.rebelforce.nl/e.4.delayed]
[www.rebelforce.nl/o]
[framerusercontent.com/images/UIdrsXez2abf5lMxXcsT5CqWqk95a5.png]
[framerusercontent.com/images/412u09EGPZUxoqyT8JIjXgsjgc811f.png]
[framerusercontent.com/images/2kutYq6QQ7cOgzMzV9kxu8ADPs811f.png]
[framerusercontent.com/images/hpPPpyQiZcqgFYWy9y1gzFeRE811f.png]
[framerusercontent.com/images/Y4QXb2wV5or2oFVGuvCUVrumVo7b66.png]
[framerusercontent.com/images/iNz6ii5WJl57Ud3puOyWOj806E1dca.png]
[framerusercontent.com/images/VXc1SAHFBDVndQ7fJMMiExjWAm8951d.png]
[framerusercontent.com/images/RbbX8okrkzlR2ERdzHlOFQLIHkQc65e.png]
[framerusercontent.com/images/xtm9GkCqptoBDAByAzB0WdnU003459.png]
[framerusercontent.com/images/orwbUmrsWSQHZl5vaOiyw22pKRUdd15.png]
[framerusercontent.com/images/hWUZD1aupbpLWi5F0cPZAaAY6Aee36.png]
[framerusercontent.com/images/0yy7dqtJgt3NQq65AcgI59RGa8M90ee.png]
[www.rebelforce.nl/works/thriveos.html]
[framerusercontent.com/images/ja7qfOnc7CJGgl8fvHWcIbGpeU37e1.jpg]
[www.rebelforce.nl/works/excelsior.html]
[www.rebelforce.nl/works/blijkgroep.html]
[framerusercontent.com/images/Gmf3c3g6ozvYxkIwdI2Ho8kCxlo5d35.jpg]
[www.rebelforce.nl/works.html]
[framerusercontent.com/images/d7KGf2kJo9DNCmv85hiYS5tHDTk5712.png]
[framerusercontent.com/images/sZwQDNc9VYv6EwVPxEeRR4ErXY5712.png]
[framerusercontent.com/images/Z7q0ip7LD35mgqyx2wl5I6iIBQ5712.png]
[framerusercontent.com/images/zoIInaosVMRrQmmsA0vfTGt9Ifc93.png]
[www.rebelforce.nl/blog.html]
[www.rebelforce.nl/blog/how-to-operationalize-ai-real-business-impact.html]
[framerusercontent.com/images/qvuiEJpthfJC2PwnUptfCBhPIKoc65e.jpg]
[www.rebelforce.nl/blog/ai-talent-gap-building-cross-functional-teams.html]
[framerusercontent.com/images/2cG596lDqZ4f8MnL8dNW6fyHG6Qc65e.jpg]
[www.rebelforce.nl/blog/ai-enablement-template-checklist-teams.html]
[framerusercontent.com/images/a8HdbjKj2e0qxSfTYafU32Ii8Rcc65e.jpg]
[framerusercontent.com/images/oDTkLxpJ4ZvIuKy2hGyr9Sj1I5712.png]
[framerusercontent.com/images/3X1HO3X74cUE2rChqeNy9aFq20097f.jpg]
[www.rebelforce.nl/contact.html]
[unpkg.com/lenis@1.3.8/dist/lenis.css]
[framerusercontent.com/images/4wv1kn8foGAJfGOvEQ4ZSMwK02cd9.png]
[framerusercontent.com/images/LFcRgz5wdtDqe4XmYKIusYjCyMf061.png]
[www.rebelforce.nl/cdn-cgi/l/email-protection]
[www.rebelforce.nl/services.html]
[www.rebelforce.nl/about.html]
[www.rebelforce.nl/legal/privacy-policy.html]
[www.rebelforce.nl/legal/terms-of-service.html]
[www.rebelforce.nl/cdn-cgi/scripts/5c5dd728/cloudflare-static/email-decode.min.js]
[framerusercontent.com/images/ja7qfOnc7CJGgl8fvHWcIbGpeUa7a6.jpg]
[framerusercontent.com/images/Gmf3c3g6ozvYxkIwdI2Ho8kCxlo89b8.jpg]
[framerusercontent.com/images/qvuiEJpthfJC2PwnUptfCBhPIKo77e2.jpg]
[framerusercontent.com/images/2cG596lDqZ4f8MnL8dNW6fyHG6Q9f35.jpg]
[framerusercontent.com/images/a8HdbjKj2e0qxSfTYafU32Ii8Rcb534.jpg]
[www.rebelforce.nl/index.html]
[www.rebelforce.nl/e.html]
[www.rebelforce.nl/o.html]
[www.rebelforce.nl/works/e]
[www.rebelforce.nl/works/o]
[www.rebelforce.nl/works/thriveos.html]
[www.rebelforce.nl/works/excelsior.html]
[www.rebelforce.nl/works/blijkgroep.html]
[www.rebelforce.nl/works/happybase.html]
[framerusercontent.com/images/OniXQO9phBQnsvbcqvCP73dctlw9b62.jpg]
[framerusercontent.com/images/OniXQO9phBQnsvbcqvCP73dctlw4d10.jpg]
[www.rebelforce.nl/works.html]
[www.rebelforce.nl/blog/ai-process-optimization-predictive-analytics.html]
[framerusercontent.com/images/PRnr71g6SysUi4WlxrPZGi3uC8gc65e.png]
[www.rebelforce.nl/blog/enterprise-ai-failure-avoid-de-risk-scale.html]
[framerusercontent.com/images/GUcSs1s1UnbU2nndBP1DKC9aRI8c65e.jpg]
[www.rebelforce.nl/blog/enterprise-ai-roadmap-2026-guide.html]
[framerusercontent.com/images/D6gwXCSMcW3QvAbKgebzWnA29wUc65e.png]
[www.rebelforce.nl/blog/ai-enablement-blueprint-kpi-alignment-guide.html]
[framerusercontent.com/images/ERYdFaWjO30MhdhsUHfyH7q4c65e.jpg]
[www.rebelforce.nl/blog/process-benchmarking-roi.html]
[framerusercontent.com/images/JmI6oIH1myH16CYiep86FKFIWJUc65e.jpg]
[www.rebelforce.nl/blog/fix-failing-ai-projects-process-first-guide.html]
[framerusercontent.com/images/cm2q9luJV0Ri82mtyrdIr5xY7LAc65e.jpg]
[framerusercontent.com/images/PRnr71g6SysUi4WlxrPZGi3uC8g7906.png]
[framerusercontent.com/images/GUcSs1s1UnbU2nndBP1DKC9aRI8c1a4.jpg]
[framerusercontent.com/images/D6gwXCSMcW3QvAbKgebzWnA29wU0c93.png]
[framerusercontent.com/images/ERYdFaWjO30MhdhsUHfyH7q4e18c.jpg]
[framerusercontent.com/images/JmI6oIH1myH16CYiep86FKFIWJU3577.jpg]
[framerusercontent.com/images/cm2q9luJV0Ri82mtyrdIr5xY7LA8164.jpg]
[www.rebelforce.nl/blog.html]
[www.rebelforce.nl/blog/e]
[www.rebelforce.nl/blog/o]
[www.rebelforce.nl/blog/ai-enhances-real-time-performance-analytics.html]
[www.rebelforce.nl/blog/ai-integration-checklist-seamless-adoption.html]
[www.rebelforce.nl/blog/ai-dynamic-constraint-monitoring-systems.html]
[www.rebelforce.nl/blog/how-to-operationalize-ai-real-business-impact.html]
[www.rebelforce.nl/blog/ultimate-guide-ai-deployment-frameworks.html]
[www.rebelforce.nl/blog/analyze-tech-stack-ai-readiness-steps.html]
[framerusercontent.com/images/SwjSUdt93E1gkQ2QdgxJEv446TA.jpg]
[www.rebelforce.nl/blog/build-enterprise-ai-data-first-culture-driven.html]
[www.rebelforce.nl/blog/scale-genai-enterprise-assistants-governance.html]
[framerusercontent.com/images/eUIlLZcD6RMixK5shdvBuov6Ss4.jpg]
[www.rebelforce.nl/blog/ai-roi-attribution-key-metrics-track.html]
[www.rebelforce.nl/blog/ai-workflow-diagnostics-roi-breakdown.html]
[www.rebelforce.nl/blog/real-time-roi-tracking-ai-projects.html]
[www.rebelforce.nl/blog/ultimate-guide-managing-ai-resistance.html]
[www.rebelforce.nl/blog/align-culture-ai-transformation-goals.html]
[www.rebelforce.nl/blog/case-studies-ai-change-impact-action.html]
[framerusercontent.com/images/SwjSUdt93E1gkQ2QdgxJEv446TA5e98.jpg]
[framerusercontent.com/images/eUIlLZcD6RMixK5shdvBuov6Ss40f93.jpg]
[www.rebelforce.nl/blog/ai-talent-gap-building-cross-functional-teams.html]
[www.rebelforce.nl/blog/assess-data-systems-ai-readiness.html]
[framerusercontent.com/images/JdAgoe76RXK4dcUdJbdUHtoD5Q.jpg]
[www.rebelforce.nl/blog/ai-integration-readiness-checker.html]
[www.rebelforce.nl/blog/ai-driven-etl-blueprint-data-pipeline-success.html]
[www.rebelforce.nl/blog/measure-roi-business-enablement-systems.html]
[www.rebelforce.nl/blog/enablement-blueprint-why-you-need-one.html]
[framerusercontent.com/images/JdAgoe76RXK4dcUdJbdUHtoD5Q8774.jpg]
[www.rebelforce.nl/blog/ai-enablement-template-checklist-teams.html]
[www.rebelforce.nl/contact.html]
[unpkg.com/lenis@1.3.8/dist/lenis.css]
[www.rebelforce.nl/cdn-cgi/l/email-protection.html]
[framerusercontent.com/images/Jm7dgQapZsaw20jCJELnxu9H1349901.jpg]
[www.rebelforce.nl/services.html]
[framerusercontent.com/images/GtE4Kj9LAKztrW9bU4hd0yykRys829f.png]
[framerusercontent.com/images/DCNRsxtQmCO9Wwr6QmfoFeGAins5712.png]
[framerusercontent.com/images/iX8BsuBBr4v3MCJJvDn8guTxEk5712.png]
[www.rebelforce.nl/about.html]
[www.rebelforce.nl/legal/e]
[www.rebelforce.nl/legal/o]
[www.rebelforce.nl/legal/privacy-policy.html]
[www.rebelforce.nl/legal/terms-of-service.html]
[www.rebelforce.nl/works/e.html]
[www.rebelforce.nl/works/o.html]
[www.rebelforce.nl/works/happybase.me]
[www.rebelforce.nl/works/happybase.html]
[www.rebelforce.nl/blog/ai-root-cause-analysis-performance-gaps.html]
[framerusercontent.com/images/H4dCiz07Lb8bt96l6pCLtquZrY.jpg]
[www.rebelforce.nl/blog/how-ai-detects-bottlenecks-business-processes.html]
[www.rebelforce.nl/blog/complete-guide-business-process-optimization.html]
[www.rebelforce.nl/blog/process-optimization-simulator-efficiency.html]
[framerusercontent.com/images/H4dCiz07Lb8bt96l6pCLtquZrYdd4d.jpg]
[www.rebelforce.nl/blog/ai-process-optimization-predictive-analytics.html]
[www.rebelforce.nl/blog/enterprise-ai-failure-avoid-de-risk-scale.html]
[framerusercontent.com/images/UABwxj8jrxrLpYJtgL8KX3D6JUE.jpg]
[www.rebelforce.nl/blog/scale-ai-across-enterprise-practical-guide.html]
[framerusercontent.com/images/IaPuVr9b0i0KOJ1SCHssdL0BQ.jpg]
[www.rebelforce.nl/blog/how-to-build-ai-first-enterprise-architecture.html]
[framerusercontent.com/images/UABwxj8jrxrLpYJtgL8KX3D6JUEa678.jpg]
[framerusercontent.com/images/IaPuVr9b0i0KOJ1SCHssdL0BQ987c.jpg]
[www.rebelforce.nl/blog/enterprise-ai-roadmap-2026-guide.html]
[framerusercontent.com/images/BHr0S4QnvPJlg4EhJTxNMxguU.jpg]
[www.rebelforce.nl/blog/ai-vs-traditional-value-stream-mapping.html]
[www.rebelforce.nl/blog/how-enterprises-succeed-with-ai-data-trust-change.html]
[www.rebelforce.nl/blog/ai-workflow-automation-roi-insights.html]
[framerusercontent.com/images/4aXiqrKdLbcXoAaMRn6aqhZcl58.jpg]
[www.rebelforce.nl/blog/ai-process-standardization-roi-insights.html]
[framerusercontent.com/images/BHr0S4QnvPJlg4EhJTxNMxguUd762.jpg]
[framerusercontent.com/images/4aXiqrKdLbcXoAaMRn6aqhZcl58d83f.jpg]
[www.rebelforce.nl/blog/ai-enablement-blueprint-kpi-alignment-guide.html]
[framerusercontent.com/images/paixks5sQnVpuM6ZcYHWITa5a0o.jpg]
[framerusercontent.com/images/eghMx6Dtb8O3xhQnEMotipLVww.jpg]
[framerusercontent.com/images/paixks5sQnVpuM6ZcYHWITa5a0oa081.jpg]
[framerusercontent.com/images/eghMx6Dtb8O3xhQnEMotipLVww20fc.jpg]
[www.rebelforce.nl/blog/process-benchmarking-roi.html]
[www.rebelforce.nl/blog/fix-failing-ai-projects-process-first-guide.html]
[www.rebelforce.nl/blog/e.html]
[www.rebelforce.nl/blog/o.html]
[www.rebelforce.nl/blog/scale-ai-data-product-factory-agents.html]
[framerusercontent.com/images/tlQS4mPlKZrJzRqKBDGNCXw7uUc65e.jpg]
[framerusercontent.com/images/TXGUCXTSH6XP0HX4aO0alQ1HOAc.jpg]
[framerusercontent.com/images/pdam3yaKSltUTrirNLdFYSexGzw.jpg]
[framerusercontent.com/images/0RJACW0eeSK16mPJSQwIR0fnitA.jpg]
[framerusercontent.com/images/pLnJ3EsYfWUuluSsgtVGr1Udw.jpg]
[www.rebelforce.nl/blog/operational-efficiency-planner-growth.html]
[framerusercontent.com/images/tlQS4mPlKZrJzRqKBDGNCXw7uU68dd.jpg]
[framerusercontent.com/images/TXGUCXTSH6XP0HX4aO0alQ1HOAc1f55.jpg]
[framerusercontent.com/images/pdam3yaKSltUTrirNLdFYSexGzwebfa.jpg]
[framerusercontent.com/images/0RJACW0eeSK16mPJSQwIR0fnitAcd2f.jpg]
[framerusercontent.com/images/pLnJ3EsYfWUuluSsgtVGr1Udw40c5.jpg]
[www.rebelforce.nl/blog/ai-enhances-real-time-performance-analytics.html]
[framerusercontent.com/images/nu1OUwNCK9ur113gQT8ldjzcIb4c65e.jpg]
[www.rebelforce.nl/blog/_https_/app.wrapifai.com/embed/d84ad7_]
[app.wrapifai.com/embed/index.js]
[framerusercontent.com/images/nu1OUwNCK9ur113gQT8ldjzcIb44bfb.jpg]
[www.rebelforce.nl/blog/ai-integration-checklist-seamless-adoption.html]
[framerusercontent.com/images/o1T7Zyh9GRW1EjFP6OesZrVOc4c65e.jpg]
[framerusercontent.com/images/fHV4YVmXv3mUKM05wuwozpRXxI.jpg]
[www.rebelforce.nl/blog/diagnose-operational-constraints-business.html]
[www.rebelforce.nl/blog/signs-organization-has-flow-problems.html]
[www.rebelforce.nl/blog/ai-vs-manual-bottleneck-detection.html]
[framerusercontent.com/images/o1T7Zyh9GRW1EjFP6OesZrVOc47f15.jpg]
[framerusercontent.com/images/fHV4YVmXv3mUKM05wuwozpRXxI39e8.jpg]
[www.rebelforce.nl/blog/ai-dynamic-constraint-monitoring-systems.html]
[framerusercontent.com/images/AOI2vEP6eDyRWuw9E1coIn0SrTsc65e.jpg]
[framerusercontent.com/images/i5SykLJEQUW74FT7S5zfgGjfSI.jpg]
[framerusercontent.com/images/oFjnXw0hnv79IkW3H0OT3t902U0.jpg]
[www.rebelforce.nl/blog/edge-ai-real-time-data-challenges-solutions.html]
[framerusercontent.com/images/AOI2vEP6eDyRWuw9E1coIn0SrTs45b3.jpg]
[framerusercontent.com/images/i5SykLJEQUW74FT7S5zfgGjfSI62c6.jpg]
[framerusercontent.com/images/oFjnXw0hnv79IkW3H0OT3t902U0fd52.jpg]
[www.rebelforce.nl/blog/ultimate-guide-ai-deployment-frameworks.html]
[framerusercontent.com/images/Yd5lptFsXj75y7aMzfq0hsEz4Uc65e.jpg]
[framerusercontent.com/images/ihZJYEfFFLhgPLnIEzBnyDUm5Yc.jpg]
[www.rebelforce.nl/blog/ultimate-guide-data-lakehouse-design.html]
[framerusercontent.com/images/Yd5lptFsXj75y7aMzfq0hsEz4Uffbe.jpg]
[framerusercontent.com/images/ihZJYEfFFLhgPLnIEzBnyDUm5Yc805b.jpg]
[www.rebelforce.nl/blog/analyze-tech-stack-ai-readiness-steps.html]
[framerusercontent.com/images/R3W2bLHoH403cST69ICuXAnqQoc65e.jpg]
[www.rebelforce.nl/blog/how-to-prioritize-genai-projects-enterprise-impact.html]
[www.rebelforce.nl/blog/business-constraint-analyzer-progress.html]
[framerusercontent.com/images/R3W2bLHoH403cST69ICuXAnqQo97d4.jpg]
[www.rebelforce.nl/blog/build-enterprise-ai-data-first-culture-driven.html]
[framerusercontent.com/images/sEVqe9zitw2nFd5zHr8p9qaeD3Ic65e.jpg]
[framerusercontent.com/images/sEVqe9zitw2nFd5zHr8p9qaeD3I9fc7.jpg]
[www.rebelforce.nl/blog/scale-genai-enterprise-assistants-governance.html]
[framerusercontent.com/images/9TyXG05n6Qp6QQFOXrQe7xG7aYc65e.jpg]
[framerusercontent.com/images/j3AF05GY5LY76hoQq8kLwyr6yg.jpg]
[framerusercontent.com/images/TFvZ1jaqgRq9MBrvefCsADrIJwg.jpg]
[www.rebelforce.nl/blog/anomaly-detection-improves-business-flow.html]
[framerusercontent.com/images/9TyXG05n6Qp6QQFOXrQe7xG7aYe292.jpg]
[framerusercontent.com/images/j3AF05GY5LY76hoQq8kLwyr6yg4f57.jpg]
[framerusercontent.com/images/TFvZ1jaqgRq9MBrvefCsADrIJwgaeb6.jpg]
[www.rebelforce.nl/blog/ai-roi-attribution-key-metrics-track.html]
[framerusercontent.com/images/C9jIKSmpJHivkJvMxCx3yeBkCwc65e.png]
[framerusercontent.com/images/tKCseTq2EWHxcTzxTV8H5l8sc.jpg]
[framerusercontent.com/images/fRfiorQVA8DqvWdrFf4FQDnc2DM.jpg]
[framerusercontent.com/images/IXLY8N5nEjvV5DjSwGYAhxWp6g.jpg]
[framerusercontent.com/images/zuwh63z7gLfr3PYxqmDj5haNZLk.jpg]
[framerusercontent.com/images/uZnfAWCwtfPVhl7umKrSnTbnjk4.jpg]
[www.rebelforce.nl/blog/ai-resource-allocation-roi-explained.html]
[framerusercontent.com/images/C9jIKSmpJHivkJvMxCx3yeBkCw7138.png]
[framerusercontent.com/images/tKCseTq2EWHxcTzxTV8H5l8sc7cfd.jpg]
[framerusercontent.com/images/fRfiorQVA8DqvWdrFf4FQDnc2DM6b9b.jpg]
[framerusercontent.com/images/IXLY8N5nEjvV5DjSwGYAhxWp6g9005.jpg]
[framerusercontent.com/images/zuwh63z7gLfr3PYxqmDj5haNZLk6a81.jpg]
[framerusercontent.com/images/uZnfAWCwtfPVhl7umKrSnTbnjk4f404.jpg]
[www.rebelforce.nl/blog/ai-workflow-diagnostics-roi-breakdown.html]
[framerusercontent.com/images/T87v4N93EWFpcGUcjm3mabz7WYc65e.jpg]
[framerusercontent.com/images/otCmqvWJdUJkE8QFqKQogZUKwg.jpg]
[framerusercontent.com/images/nixTWMQULLG9ydNwBGYemBFufI.jpg]
[www.rebelforce.nl/blog/process-design-checklist-scalable-operations.html]
[framerusercontent.com/images/T87v4N93EWFpcGUcjm3mabz7WY807a.jpg]
[framerusercontent.com/images/otCmqvWJdUJkE8QFqKQogZUKwg7f91.jpg]
[framerusercontent.com/images/nixTWMQULLG9ydNwBGYemBFufIa1af.jpg]
[www.rebelforce.nl/blog/real-time-roi-tracking-ai-projects.html]
[framerusercontent.com/images/HpeJniNCeTQ6XAa9I5cZWvcxQsc65e.jpg]
[framerusercontent.com/images/0szdBLT18CifOBBQoLq6QnvcWA.jpg]
[framerusercontent.com/images/HpeJniNCeTQ6XAa9I5cZWvcxQse0d6.jpg]
[framerusercontent.com/images/0szdBLT18CifOBBQoLq6QnvcWA1251.jpg]
[www.rebelforce.nl/blog/ultimate-guide-managing-ai-resistance.html]
[framerusercontent.com/images/KT4ceYCmnKB258sd0o4x4OaYVjIc65e.jpg]
[framerusercontent.com/images/WB6ECJklXZL7YbqdTfsBp88wU.jpg]
[framerusercontent.com/images/vaOuoyCq2QtiOYEpCKlkcKWd9o.jpg]
[www.rebelforce.nl/blog/ai-integration-vs-manual-processes-roi.html]
[framerusercontent.com/images/KT4ceYCmnKB258sd0o4x4OaYVjI6fd6.jpg]
[framerusercontent.com/images/WB6ECJklXZL7YbqdTfsBp88wUce09.jpg]
[framerusercontent.com/images/vaOuoyCq2QtiOYEpCKlkcKWd9ob8ee.jpg]
[www.rebelforce.nl/blog/align-culture-ai-transformation-goals.html]
[framerusercontent.com/images/ZqN3rnH80HkTUYCKQn618LOxaU0c65e.jpg]
[framerusercontent.com/images/RB94WZWemqc1jyIAP6OkfzHXJV4.jpg]
[framerusercontent.com/images/MI2E65ApoL0r1vOkeYaQyqGAaHw.jpg]
[framerusercontent.com/images/psTqD6pEL8AVnI59VYQHbkZEKbA.jpg]
[framerusercontent.com/images/VlagapFLWBtzu9R0oiwhKWCZRw.jpg]
[framerusercontent.com/images/u5Te5lnEC21tbA6y3eOOa0RCE.jpg]
[framerusercontent.com/images/KdEw9T74mrOwJHJoZCPKMui9HKA.jpg]
[www.rebelforce.nl/blog/modular-ai-blueprints-scalable-systems.html]
[www.rebelforce.nl/blog/calculate-roi-workflow-automation.html]
[framerusercontent.com/images/ZqN3rnH80HkTUYCKQn618LOxaU0b8b8.jpg]
[framerusercontent.com/images/RB94WZWemqc1jyIAP6OkfzHXJV4aed2.jpg]
[framerusercontent.com/images/MI2E65ApoL0r1vOkeYaQyqGAaHw4fd2.jpg]
[framerusercontent.com/images/psTqD6pEL8AVnI59VYQHbkZEKbAa003.jpg]
[framerusercontent.com/images/VlagapFLWBtzu9R0oiwhKWCZRwa5a6.jpg]
[framerusercontent.com/images/u5Te5lnEC21tbA6y3eOOa0RCEa72e.jpg]
[framerusercontent.com/images/KdEw9T74mrOwJHJoZCPKMui9HKA24e4.jpg]
[www.rebelforce.nl/blog/case-studies-ai-change-impact-action.html]
[framerusercontent.com/images/BSLtnrJMY2pUSBH583TGE1x8MoUc65e.jpg]
[framerusercontent.com/images/FYL2ui3KmXGzpL0Rp5wFK9Neq0A.jpg]
[www.rebelforce.nl/blog/roi-calculator-smarter-business-decisions.html]
[framerusercontent.com/images/BSLtnrJMY2pUSBH583TGE1x8MoU5937.jpg]
[framerusercontent.com/images/FYL2ui3KmXGzpL0Rp5wFK9Neq0A40bb.jpg]
[www.rebelforce.nl/blog/assess-data-systems-ai-readiness.html]
[framerusercontent.com/images/zLMl0RRNKGPEJZVvUstVL7cHo1Ac65e.jpg]
[www.rebelforce.nl/blog/_https_/app.wrapifai.com/embed/4832c2_]
[www.rebelforce.nl/blog/operational-efficiency-calculator.html]
[www.rebelforce.nl/blog/business-process-mapping-tool.html]
[framerusercontent.com/images/zLMl0RRNKGPEJZVvUstVL7cHo1A2157.jpg]
[www.rebelforce.nl/blog/ai-integration-readiness-checker.html]
[framerusercontent.com/images/F0mM33A5punBYZMsSGredepq1e8c65e.png]
[framerusercontent.com/images/NmYhiJihr4SyRrTGEktVh4qu6TU.jpg]
[framerusercontent.com/images/SKjVU6ncBZcqiPpa5ieS4PLPPk.jpg]
[www.rebelforce.nl/blog/modular-architecture-ai-driven-enablement-systems.html]
[framerusercontent.com/images/F0mM33A5punBYZMsSGredepq1e8fe53.png]
[framerusercontent.com/images/NmYhiJihr4SyRrTGEktVh4qu6TU89f5.jpg]
[framerusercontent.com/images/SKjVU6ncBZcqiPpa5ieS4PLPPkbd6a.jpg]
[www.rebelforce.nl/blog/ai-driven-etl-blueprint-data-pipeline-success.html]
[framerusercontent.com/images/qmI9tcSa3Z8C16t5thMKfC85J60c65e.png]
[framerusercontent.com/images/vXNmCi2tZVx1NAoL0XMEMfIUghM.jpg]
[www.rebelforce.nl/blog/how-to-use-ai-sales-execution-coach.html]
[framerusercontent.com/images/qmI9tcSa3Z8C16t5thMKfC85J604289.png]
[framerusercontent.com/images/vXNmCi2tZVx1NAoL0XMEMfIUghMc0fc.jpg]
[www.rebelforce.nl/blog/measure-roi-business-enablement-systems.html]
[framerusercontent.com/images/2S3EdkbzQSzfPEUg6GZVLZHcoc65e.jpg]
[framerusercontent.com/images/fMgFZdu2qxKkqZsLypzc9WRxD0.jpg]
[framerusercontent.com/images/4qqZZ8YBsTa9UQfoKQjtLfOm6l8.jpg]
[www.rebelforce.nl/blog/how-to-make-enterprise-ai-work-strategy-and-roi.html]
[framerusercontent.com/images/2S3EdkbzQSzfPEUg6GZVLZHco22e5.jpg]
[framerusercontent.com/images/fMgFZdu2qxKkqZsLypzc9WRxD0301a.jpg]
[framerusercontent.com/images/4qqZZ8YBsTa9UQfoKQjtLfOm6l8571f.jpg]
[www.rebelforce.nl/blog/enablement-blueprint-why-you-need-one.html]
[www.rebelforce.nl/legal/e.html]
[www.rebelforce.nl/legal/o.html]
[www.rebelforce.nl/works/happybase-2.html]
[framerusercontent.com/images/CGbsMads1Yb1Nk4L2ZHaJCFSAc65e.png]
[framerusercontent.com/images/zBl2CPCs5cRSBwRItNnBUl0Dd4.jpg]
[framerusercontent.com/images/nlFNCME8iKyWRyNYQbN5eq8iXz0.jpg]
[framerusercontent.com/images/ZTzCgwdyx2lJ16PHdbdqLbBCYrU.jpg]
[www.rebelforce.nl/blog/cross-functional-automation-vs-departmental-automation.html]
[framerusercontent.com/images/CGbsMads1Yb1Nk4L2ZHaJCFSA8ccb.png]
[framerusercontent.com/images/zBl2CPCs5cRSBwRItNnBUl0Dd48fb3.jpg]
[framerusercontent.com/images/nlFNCME8iKyWRyNYQbN5eq8iXz02423.jpg]
[framerusercontent.com/images/ZTzCgwdyx2lJ16PHdbdqLbBCYrU001a.jpg]
[www.rebelforce.nl/blog/ai-root-cause-analysis-performance-gaps.html]
[framerusercontent.com/images/G6LPv2HeE9y4al55AQeijP14D2kc65e.png]
[framerusercontent.com/images/43TE3xeQvZcC0TzgjDDqh61W0k.jpg]
[framerusercontent.com/images/LkXRfZzOvPwSLsJSzAgm3UkXlFI.jpg]
[framerusercontent.com/images/G6LPv2HeE9y4al55AQeijP14D2k9457.png]
[framerusercontent.com/images/43TE3xeQvZcC0TzgjDDqh61W0k673e.jpg]
[framerusercontent.com/images/LkXRfZzOvPwSLsJSzAgm3UkXlFI8978.jpg]
[www.rebelforce.nl/blog/how-ai-detects-bottlenecks-business-processes.html]
[framerusercontent.com/images/t9Zwf4PNoKxlgfIZCidlS2T47vgc65e.jpg]
[framerusercontent.com/images/eaKr4aIOsLTb2h6suCdDcH3u80.jpg]
[framerusercontent.com/images/bU6qKOSZ1yMgfIe6adEgCbDuCvY.jpg]
[www.rebelforce.nl/blog/best-ai-tools-enterprise-operations-2026.html]
[www.rebelforce.nl/blog/crm-vs-erp-vs-enablement-platforms-comparison.html]
[framerusercontent.com/images/t9Zwf4PNoKxlgfIZCidlS2T47vg927a.jpg]
[framerusercontent.com/images/eaKr4aIOsLTb2h6suCdDcH3u80f40a.jpg]
[framerusercontent.com/images/bU6qKOSZ1yMgfIe6adEgCbDuCvY1b56.jpg]
[www.rebelforce.nl/blog/complete-guide-business-process-optimization.html]
[framerusercontent.com/images/c30RxybX2QWTnZFZNtFFur7aLYc65e.jpg]
[www.rebelforce.nl/blog/_https_/app.wrapifai.com/embed/e41949_]
[framerusercontent.com/images/c30RxybX2QWTnZFZNtFFur7aLY4056.jpg]
[www.rebelforce.nl/blog/process-optimization-simulator-efficiency.html]
[framerusercontent.com/images/xGTVYrHaKSgEIbJoF0J9ByjjkEc65e.jpg]
[framerusercontent.com/images/xGTVYrHaKSgEIbJoF0J9ByjjkEfe7c.jpg]
[www.rebelforce.nl/blog/scale-ai-across-enterprise-practical-guide.html]
[framerusercontent.com/images/HViV3nYyDHXC6C5JlCTpjkyyi8c65e.jpg]
[framerusercontent.com/images/HViV3nYyDHXC6C5JlCTpjkyyi816d5.jpg]
[www.rebelforce.nl/blog/how-to-build-ai-first-enterprise-architecture.html]
[framerusercontent.com/images/Bz6SwsTFQRxWhKafuVZWjuo1HvMc65e.jpg]
[framerusercontent.com/images/xdSqyk0pPlV4VkVQA0PHPNk6oSY.jpg]
[framerusercontent.com/images/jhUVOp5ETeLEHkOMqxzKUCnFo.jpg]
[www.rebelforce.nl/blog/business-efficiency-calculator.html]
[framerusercontent.com/images/Bz6SwsTFQRxWhKafuVZWjuo1HvMd706.jpg]
[framerusercontent.com/images/xdSqyk0pPlV4VkVQA0PHPNk6oSY6b24.jpg]
[framerusercontent.com/images/jhUVOp5ETeLEHkOMqxzKUCnFobb7f.jpg]
[www.rebelforce.nl/blog/ai-vs-traditional-value-stream-mapping.html]
[framerusercontent.com/images/Qo4S3oOW1FhvZJbiUCNoLaueekc65e.jpg]
[www.rebelforce.nl/blog/bny-scaled-ai-lessons-enterprise-enablement.html]
[framerusercontent.com/images/Qo4S3oOW1FhvZJbiUCNoLaueek5ada.jpg]
[www.rebelforce.nl/blog/how-enterprises-succeed-with-ai-data-trust-change.html]
[framerusercontent.com/images/nsc2GRnNzF9XkUQ99L09jgktIAEc65e.jpg]
[framerusercontent.com/images/t6Z0oUOA4epbrV1nMOv546M6JfE.jpg]
[www.rebelforce.nl/blog/ai-real-time-monitoring-use-cases.html]
[framerusercontent.com/images/nsc2GRnNzF9XkUQ99L09jgktIAE92a6.jpg]
[framerusercontent.com/images/t6Z0oUOA4epbrV1nMOv546M6JfE639c.jpg]
[www.rebelforce.nl/blog/ai-workflow-automation-roi-insights.html]
[framerusercontent.com/images/dcQVTLUoZaj9Oy0pPk4y2f5Owc65e.jpg]
[framerusercontent.com/images/7kDt9iD5X3O2PN9bluWtQDktec.jpg]
[framerusercontent.com/images/EuENcfDLtNfDLWti3mzpPA1Z1o.jpg]
[www.rebelforce.nl/blog/how-ai-ensures-workflow-compliance.html]
[www.rebelforce.nl/blog/ai-agents-transforming-corporate-learning.html]
[framerusercontent.com/images/dcQVTLUoZaj9Oy0pPk4y2f5Owa5e5.jpg]
[framerusercontent.com/images/7kDt9iD5X3O2PN9bluWtQDktecd75e.jpg]
[framerusercontent.com/images/EuENcfDLtNfDLWti3mzpPA1Z1o0ddd.jpg]
[www.rebelforce.nl/blog/ai-process-standardization-roi-insights.html]
[framerusercontent.com/images/Vo09VKebiDhnvNSq2BcNHgvuO0c65e.jpg]
[framerusercontent.com/images/uSyQWsOvcfqiYZHxQUD4RYcpcZU.jpg]
[www.rebelforce.nl/blog/scale-enterprise-ai-operations-with-mlops.html]
[framerusercontent.com/images/Vo09VKebiDhnvNSq2BcNHgvuO0a468.jpg]
[framerusercontent.com/images/uSyQWsOvcfqiYZHxQUD4RYcpcZU3263.jpg]
[www.rebelforce.nl/blog/scale-ai-data-product-factory-agents.html]
[framerusercontent.com/images/nK7FcUAS13l0OCVcfGc5tiTCeEc65e.jpg]
[www.rebelforce.nl/blog/_https_/app.wrapifai.com/embed/852df9_]
[framerusercontent.com/images/nK7FcUAS13l0OCVcfGc5tiTCeEa5c9.jpg]
[www.rebelforce.nl/blog/operational-efficiency-planner-growth.html]
[www.rebelforce.nl/blog/_https_/app.wrapifai.com/embed/d84ad7_.html]
[framerusercontent.com/images/XQtaN7ZPhV1h2FVUWGHa5k7Zkjoc65e.jpg]
[framerusercontent.com/images/qirDdw9ZxdZ8bBogUpbgKw.jpg]
[framerusercontent.com/images/XCnXqWcBG2bznBmrpUmWz48XOY.jpg]
[framerusercontent.com/images/XQtaN7ZPhV1h2FVUWGHa5k7Zkjo43f9.jpg]
[framerusercontent.com/images/qirDdw9ZxdZ8bBogUpbgKw9b5f.jpg]
[framerusercontent.com/images/XCnXqWcBG2bznBmrpUmWz48XOYbadc.jpg]
[www.rebelforce.nl/blog/diagnose-operational-constraints-business.html]
[framerusercontent.com/images/B9dy1WI8Bt9q7SFh2ss7QWa1Ac65e.jpg]
[framerusercontent.com/images/PDwX8eBLXTVis2KoC2rItAdvKDw.jpg]
[framerusercontent.com/images/B9dy1WI8Bt9q7SFh2ss7QWa1A85a8.jpg]
[framerusercontent.com/images/PDwX8eBLXTVis2KoC2rItAdvKDw9651.jpg]
[www.rebelforce.nl/blog/signs-organization-has-flow-problems.html]
[framerusercontent.com/images/WPSvWu4wTj4Aoa8ITB3X5wVHwYc65e.jpg]
[framerusercontent.com/images/Muw0GSctBn635nM4lANaeSuTGE.jpg]
[framerusercontent.com/images/Hg49oyKPDT5zdAAs3wbXFEcQ6o.jpg]
[www.rebelforce.nl/blog/best-practices-api-driven-ai-connectivity.html]
[framerusercontent.com/images/WPSvWu4wTj4Aoa8ITB3X5wVHwYc764.jpg]
[framerusercontent.com/images/Muw0GSctBn635nM4lANaeSuTGEb0af.jpg]
[framerusercontent.com/images/Hg49oyKPDT5zdAAs3wbXFEcQ6oe089.jpg]
[www.rebelforce.nl/blog/ai-vs-manual-bottleneck-detection.html]
[framerusercontent.com/images/G249EO95kVTZLArWuc3COkyXq4c65e.jpg]
[framerusercontent.com/images/GNclWDwvIOAQ9hcNaaWFWh78JPc.jpg]
[framerusercontent.com/images/Gd4vrLJHPGNRFjXNsxi3b5NValI.jpg]
[framerusercontent.com/images/G249EO95kVTZLArWuc3COkyXq468b5.jpg]
[framerusercontent.com/images/GNclWDwvIOAQ9hcNaaWFWh78JPc5d9d.jpg]
[framerusercontent.com/images/Gd4vrLJHPGNRFjXNsxi3b5NValI0dad.jpg]
[www.rebelforce.nl/blog/edge-ai-real-time-data-challenges-solutions.html]
[framerusercontent.com/images/KhPYhsswn20MZC9yh58HDKLdxhMc65e.jpg]
[framerusercontent.com/images/vMR6tPGNQO6RmPzjjGzQvpYzIY.jpg]
[framerusercontent.com/images/KhPYhsswn20MZC9yh58HDKLdxhMfc4f.jpg]
[framerusercontent.com/images/vMR6tPGNQO6RmPzjjGzQvpYzIY4292.jpg]
[www.rebelforce.nl/blog/ultimate-guide-data-lakehouse-design.html]
[framerusercontent.com/images/RSFOhGT7muWfnyJMWbeTz522I1cc65e.jpg]
[framerusercontent.com/images/RSFOhGT7muWfnyJMWbeTz522I1cd72f.jpg]
[www.rebelforce.nl/blog/how-to-prioritize-genai-projects-enterprise-impact.html]
[framerusercontent.com/images/HptwHpwhHuah40uOYhHyQGGjH78c65e.jpg]
[www.rebelforce.nl/blog/_https_/app.wrapifai.com/embed/1dfc5f_]
[framerusercontent.com/images/HptwHpwhHuah40uOYhHyQGGjH788b06.jpg]
[www.rebelforce.nl/blog/business-constraint-analyzer-progress.html]
[framerusercontent.com/images/FMCT5gCgNdkmVHfTmVg5TY4uI0c65e.jpg]
[framerusercontent.com/images/Ag4yNcdZxvntwePi5zXzO7cxL0o.jpg]
[framerusercontent.com/images/C4BtRW9oMjvckGgV9QKLZv5hrA.jpg]
[framerusercontent.com/images/FMCT5gCgNdkmVHfTmVg5TY4uI078cc.jpg]
[framerusercontent.com/images/Ag4yNcdZxvntwePi5zXzO7cxL0od5cb.jpg]
[framerusercontent.com/images/C4BtRW9oMjvckGgV9QKLZv5hrA9387.jpg]
[www.rebelforce.nl/blog/anomaly-detection-improves-business-flow.html]
[framerusercontent.com/images/1zAvhbQpOVK8EDhzFbvj1TxYc65e.png]
[framerusercontent.com/images/hjz4EogczCc8n4OkvDvCKNr6dI.jpg]
[framerusercontent.com/images/ujJLROXFbAuizddIxWjPYrjN0M.jpg]
[www.rebelforce.nl/blog/metrics-measuring-iterative-transformation-roi.html]
[framerusercontent.com/images/1zAvhbQpOVK8EDhzFbvj1TxYccf4.png]
[framerusercontent.com/images/hjz4EogczCc8n4OkvDvCKNr6dI2a04.jpg]
[framerusercontent.com/images/ujJLROXFbAuizddIxWjPYrjN0Maea8.jpg]
[www.rebelforce.nl/blog/ai-resource-allocation-roi-explained.html]
[framerusercontent.com/images/0AdI6Magkr0uMcFk2oqsCBPdFQc65e.jpg]
[framerusercontent.com/images/9Q450K11XSwx8fr3NeTP9FOIHY.jpg]
[framerusercontent.com/images/DM8z9UnWXCdKYwDIFHn97eW807M.jpg]
[www.rebelforce.nl/blog/ai-roi-measure-30-percent-rule.html]
[framerusercontent.com/images/0AdI6Magkr0uMcFk2oqsCBPdFQ5c19.jpg]
[framerusercontent.com/images/9Q450K11XSwx8fr3NeTP9FOIHY3454.jpg]
[framerusercontent.com/images/DM8z9UnWXCdKYwDIFHn97eW807M2974.jpg]
[www.rebelforce.nl/blog/process-design-checklist-scalable-operations.html]
[framerusercontent.com/images/hj3oRfoyHNsOT4ggqexI73FRPlwc65e.png]
[framerusercontent.com/images/X7Ad63M9YREzaZwP3NAvApI4x8.jpg]
[framerusercontent.com/images/UAEvKImCFKhEt18jcpZWxDxMnYY.jpg]
[www.rebelforce.nl/blog/turn-ai-experiments-into-business-value.html]
[framerusercontent.com/images/hj3oRfoyHNsOT4ggqexI73FRPlw1ea2.png]
[framerusercontent.com/images/X7Ad63M9YREzaZwP3NAvApI4x8cb7c.jpg]
[framerusercontent.com/images/UAEvKImCFKhEt18jcpZWxDxMnYY4169.jpg]
[www.rebelforce.nl/blog/ai-integration-vs-manual-processes-roi.html]
[framerusercontent.com/images/XrKfLBovtvdabwPLKbKJoiGTkc65e.jpg]
[framerusercontent.com/images/BHD5oYtl4a0V6zjNNM0wfAYk.jpg]
[framerusercontent.com/images/XrKfLBovtvdabwPLKbKJoiGTkfa7a.jpg]
[framerusercontent.com/images/BHD5oYtl4a0V6zjNNM0wfAYke8fa.jpg]
[www.rebelforce.nl/blog/modular-ai-blueprints-scalable-systems.html]
[framerusercontent.com/images/NUoZbAS0lvbBJ0H5iMtpjY7Wir8c65e.jpg]
[framerusercontent.com/images/EZ65lLZc4iYiIOdhdGnuUs2k.jpg]
[framerusercontent.com/images/oLPekPyS6RbzykFaZCTWfGUgHtk.jpg]
[framerusercontent.com/images/NUoZbAS0lvbBJ0H5iMtpjY7Wir8e30e.jpg]
[framerusercontent.com/images/EZ65lLZc4iYiIOdhdGnuUs2k7f07.jpg]
[framerusercontent.com/images/oLPekPyS6RbzykFaZCTWfGUgHtk06d2.jpg]
[www.rebelforce.nl/blog/calculate-roi-workflow-automation.html]
[framerusercontent.com/images/yd6fvqhqNkJ3jpU18VVd5kFphNUc65e.jpg]
[www.rebelforce.nl/blog/_https_/app.wrapifai.com/embed/46894b_]
[framerusercontent.com/images/yd6fvqhqNkJ3jpU18VVd5kFphNU7813.jpg]
[www.rebelforce.nl/blog/roi-calculator-smarter-business-decisions.html]
[www.rebelforce.nl/blog/_https_/app.wrapifai.com/embed/4832c2_.html]
[framerusercontent.com/images/Dr9YLpPIDjiFujfR7aPRRUkc9U4c65e.jpg]
[www.rebelforce.nl/blog/_https_/app.wrapifai.com/embed/7f7fec_]
[www.rebelforce.nl/blog/workflow-optimization-planner.html]
[framerusercontent.com/images/Dr9YLpPIDjiFujfR7aPRRUkc9U44799.jpg]
[www.rebelforce.nl/blog/operational-efficiency-calculator.html]
[framerusercontent.com/images/f4Xcikpp8ScSaSCfjwH0kCZZIc65e.jpg]
[www.rebelforce.nl/blog/_https_/app.wrapifai.com/embed/1e59ee_]
[framerusercontent.com/images/f4Xcikpp8ScSaSCfjwH0kCZZI4dcd.jpg]
[www.rebelforce.nl/blog/business-process-mapping-tool.html]
[framerusercontent.com/images/MSHFLt6RDSKPW4aNRPcn5ETBgK4c65e.jpg]
[framerusercontent.com/images/eArkz3zjBpGHrOGo7LvivDqDYvo.jpg]
[framerusercontent.com/images/lHBSYNpsuAbMzHGthZClMxkgXg.jpg]
[framerusercontent.com/images/MSHFLt6RDSKPW4aNRPcn5ETBgK4702a.jpg]
[framerusercontent.com/images/eArkz3zjBpGHrOGo7LvivDqDYvoa014.jpg]
[framerusercontent.com/images/lHBSYNpsuAbMzHGthZClMxkgXg8679.jpg]
[www.rebelforce.nl/blog/modular-architecture-ai-driven-enablement-systems.html]
[framerusercontent.com/images/c2nkddV7h4F7T85bxpwvguSwsOMc65e.png]
[framerusercontent.com/images/c2nkddV7h4F7T85bxpwvguSwsOM8d74.png]
[www.rebelforce.nl/blog/how-to-use-ai-sales-execution-coach.html]
[framerusercontent.com/images/e5HHpof1LZs2cyQKY2yEQfTo4EEc65e.jpg]
[framerusercontent.com/images/e5HHpof1LZs2cyQKY2yEQfTo4EE42a7.jpg]
[www.rebelforce.nl/blog/how-to-make-enterprise-ai-work-strategy-and-roi.html]
[framerusercontent.com/images/JNvLpu5RbYORZi9dUFhu387a9MUc65e.jpg]
[framerusercontent.com/images/R8HI4rWzk8qWQpe2o8IKegajmc.jpg]
[framerusercontent.com/images/pvaPMQca1hJ0496qRRykjVMZfSw.jpg]
[framerusercontent.com/images/JNvLpu5RbYORZi9dUFhu387a9MUa768.jpg]
[framerusercontent.com/images/R8HI4rWzk8qWQpe2o8IKegajmcd42c.jpg]
[framerusercontent.com/images/pvaPMQca1hJ0496qRRykjVMZfSw9756.jpg]
[www.rebelforce.nl/blog/cross-functional-automation-vs-departmental-automation.html]
[framerusercontent.com/images/MH6cUsKACVuXANpu5PI5pkfd3t4c65e.jpg]
[framerusercontent.com/images/WbN0QkcGimIfU2HyUwUqUWn47VI.jpg]
[framerusercontent.com/images/kv2usklSoiCVd32cjt7pqAiI8Fk.jpg]
[framerusercontent.com/images/1a8m5oBAEiHFKSEufgsFXykk.jpg]
[framerusercontent.com/images/5LavJylQGreYbxqMTYD0ZQDMw.jpg]
[framerusercontent.com/images/Htlm6BvNMjrXu6aD7AYNJwmp98.jpg]
[framerusercontent.com/images/KsFiavE6VLTZbKYTHe0H0u6iM.jpg]
[framerusercontent.com/images/XtSzVUprTAV4uyKG7y8o4fIGZI.jpg]
[framerusercontent.com/images/wo7DFzrHsXN70haqB7WZNcpchzQ.jpg]
[framerusercontent.com/images/ownavCE3qkWxoYJktapp25qzWU.jpg]
[framerusercontent.com/images/oBjzURIg197Wf7OM6YBo1J2WU1c.jpg]
[framerusercontent.com/images/MH6cUsKACVuXANpu5PI5pkfd3t4cb96.jpg]
[framerusercontent.com/images/WbN0QkcGimIfU2HyUwUqUWn47VI8cbf.jpg]
[framerusercontent.com/images/kv2usklSoiCVd32cjt7pqAiI8Fkb5de.jpg]
[framerusercontent.com/images/1a8m5oBAEiHFKSEufgsFXykk6383.jpg]
[framerusercontent.com/images/5LavJylQGreYbxqMTYD0ZQDMw0143.jpg]
[framerusercontent.com/images/Htlm6BvNMjrXu6aD7AYNJwmp982713.jpg]
[framerusercontent.com/images/KsFiavE6VLTZbKYTHe0H0u6iM5ad4.jpg]
[framerusercontent.com/images/XtSzVUprTAV4uyKG7y8o4fIGZI24d3.jpg]
[framerusercontent.com/images/wo7DFzrHsXN70haqB7WZNcpchzQa298.jpg]
[framerusercontent.com/images/ownavCE3qkWxoYJktapp25qzWU05ed.jpg]
[framerusercontent.com/images/oBjzURIg197Wf7OM6YBo1J2WU1c41dc.jpg]
[www.rebelforce.nl/blog/best-ai-tools-enterprise-operations-2026.html]
[framerusercontent.com/images/bKtZ6vKCyMAVYcomHXk3jdQnGAc65e.jpg]
[framerusercontent.com/images/LshYIQAC86wnwnokjI5idLj32cA.jpg]
[framerusercontent.com/images/bKtZ6vKCyMAVYcomHXk3jdQnGA642b.jpg]
[framerusercontent.com/images/LshYIQAC86wnwnokjI5idLj32cAc335.jpg]
[www.rebelforce.nl/blog/crm-vs-erp-vs-enablement-platforms-comparison.html]
[www.rebelforce.nl/blog/_https_/app.wrapifai.com/embed/e41949_.html]
[framerusercontent.com/images/JmSB97rLKzW4lVs2g3Jct7euchgc65e.jpg]
[www.rebelforce.nl/blog/_https_/app.wrapifai.com/embed/1379b4_.1b7.delayed]
[www.rebelforce.nl/blog/ai-adoption-readiness-checker.html]
[framerusercontent.com/images/JmSB97rLKzW4lVs2g3Jct7euchgc32e.jpg]
[www.rebelforce.nl/blog/business-efficiency-calculator.html]
[framerusercontent.com/images/XJmwlpFVHd06helqko1idsputv8c65e.jpg]
[framerusercontent.com/images/XJmwlpFVHd06helqko1idsputv81740.jpg]
[www.rebelforce.nl/blog/bny-scaled-ai-lessons-enterprise-enablement.html]
[framerusercontent.com/images/rGZ6tFUFuEj71pDK9pDNun7EsSgc65e.png]
[framerusercontent.com/images/NdkjAJfjklsV4M7o2oHZ9m8P1c.jpg]
[framerusercontent.com/images/BKQO82YS3h78UmoX23aIE2VuA.jpg]
[www.rebelforce.nl/blog/enterprise-ai-strategy-ceos-lead.html]
[framerusercontent.com/images/rGZ6tFUFuEj71pDK9pDNun7EsSg4b05.png]
[framerusercontent.com/images/NdkjAJfjklsV4M7o2oHZ9m8P1c9e22.jpg]
[framerusercontent.com/images/BKQO82YS3h78UmoX23aIE2VuA1016.jpg]
[www.rebelforce.nl/blog/ai-real-time-monitoring-use-cases.html]
[framerusercontent.com/images/v63i2UTyRSPb3ckgpmoUvK2E44Ec65e.jpg]
[framerusercontent.com/images/zqJRMW0woBWqCcgEdb6bFGLZ4.jpg]
[framerusercontent.com/images/knDZQBEQ6Fe3FF8vb6ab4173xEU.jpg]
[www.rebelforce.nl/blog/ai-microlearning-roi-metrics-to-track.html]
[framerusercontent.com/images/v63i2UTyRSPb3ckgpmoUvK2E44Ec1f3.jpg]
[framerusercontent.com/images/zqJRMW0woBWqCcgEdb6bFGLZ4ad68.jpg]
[framerusercontent.com/images/knDZQBEQ6Fe3FF8vb6ab4173xEU1782.jpg]
[www.rebelforce.nl/blog/how-ai-ensures-workflow-compliance.html]
[framerusercontent.com/images/HyywQCXYaTXjPk04VuV44MEtb5Mc65e.jpg]
[www.rebelforce.nl/blog/how-to-upgrade-ai-operating-model.html]
[framerusercontent.com/images/HyywQCXYaTXjPk04VuV44MEtb5M4268.jpg]
[www.rebelforce.nl/blog/ai-agents-transforming-corporate-learning.html]
[framerusercontent.com/images/tG9cWmBBVRBlDg0QBOJpnZAFna8c65e.png]
[www.rebelforce.nl/blog/ai-cloud-scaling-cost-optimization-strategies.html]
[framerusercontent.com/images/tG9cWmBBVRBlDg0QBOJpnZAFna85727.png]
[www.rebelforce.nl/blog/scale-enterprise-ai-operations-with-mlops.html]
[www.rebelforce.nl/blog/_https_/app.wrapifai.com/embed/852df9_.html]
[framerusercontent.com/images/qB03MmHGLz4ynQcB46qVOsGTg8c65e.jpg]
[framerusercontent.com/images/41eV9ijqxWwJn8aeFEeur4okXSE.jpg]
[framerusercontent.com/images/lhh8BAvDXE1qY0KjyQeqLMPCW4.jpg]
[framerusercontent.com/images/qB03MmHGLz4ynQcB46qVOsGTg84adb.jpg]
[framerusercontent.com/images/41eV9ijqxWwJn8aeFEeur4okXSEb89a.jpg]
[framerusercontent.com/images/lhh8BAvDXE1qY0KjyQeqLMPCW43ae5.jpg]
[www.rebelforce.nl/blog/best-practices-api-driven-ai-connectivity.html]
[www.rebelforce.nl/blog/_https_/app.wrapifai.com/embed/1dfc5f_.html]
[framerusercontent.com/images/Q5WALAzgLPIvS6BcV2qVXPVQuYMc65e.png]
[framerusercontent.com/images/LyATACezu7YzWMo8LJfHTwYHc5I.jpg]
[framerusercontent.com/images/Q5WALAzgLPIvS6BcV2qVXPVQuYMe237.png]
[framerusercontent.com/images/LyATACezu7YzWMo8LJfHTwYHc5Iac5f.jpg]
[www.rebelforce.nl/blog/metrics-measuring-iterative-transformation-roi.html]
[framerusercontent.com/images/q1DY8QIHXcb7EOP6RhkRHKZX3CAc65e.jpg]
[framerusercontent.com/images/q1DY8QIHXcb7EOP6RhkRHKZX3CAc002.jpg]
[www.rebelforce.nl/blog/ai-roi-measure-30-percent-rule.html]
[framerusercontent.com/images/D5GDmZA2GhLz3pF59yfZVRklaooc65e.jpg]
[framerusercontent.com/images/D5GDmZA2GhLz3pF59yfZVRklaoo5ae1.jpg]
[www.rebelforce.nl/blog/turn-ai-experiments-into-business-value.html]
[www.rebelforce.nl/blog/_https_/app.wrapifai.com/embed/46894b_.html]
[www.rebelforce.nl/blog/_https_/app.wrapifai.com/embed/7f7fec_.html]
[framerusercontent.com/images/5L0zPE7MpUKU7u8tht0MFUCTdYc65e.jpg]
[www.rebelforce.nl/blog/_https_/app.wrapifai.com/embed/9a375d_]
[www.rebelforce.nl/blog/data-driven-decision-maker-tool.html]
[framerusercontent.com/images/5L0zPE7MpUKU7u8tht0MFUCTdYefdd.jpg]
[www.rebelforce.nl/blog/workflow-optimization-planner.html]
[www.rebelforce.nl/blog/_https_/app.wrapifai.com/embed/1e59ee_.html]
[www.rebelforce.nl/blog/_https_/app.wrapifai.com/embed/1379b4_.html]
[framerusercontent.com/images/N1RHtDmRzZv4ybCmNXGabKFagUUc65e.jpg]
[www.rebelforce.nl/blog/_https_/app.wrapifai.com/embed/7c0818_]
[www.rebelforce.nl/blog/process-improvement-idea-generator.html]
[framerusercontent.com/images/N1RHtDmRzZv4ybCmNXGabKFagUUd257.jpg]
[www.rebelforce.nl/blog/ai-adoption-readiness-checker.html]
[framerusercontent.com/images/sIiLer1EXHtSCHX5TvlKvjr5wPkc65e.jpg]
[framerusercontent.com/images/sIiLer1EXHtSCHX5TvlKvjr5wPka3fe.jpg]
[www.rebelforce.nl/blog/enterprise-ai-strategy-ceos-lead.html]
[framerusercontent.com/images/RJIrlwGlV18S5gpviocqEXKBsc65e.jpg]
[framerusercontent.com/images/OvrsmFqwwhp7Lo770He0C7feIf0.jpg]
[framerusercontent.com/images/uBG5GO5vgimzNTxrCa1j5N1pA0.jpg]
[www.rebelforce.nl/blog/data-driven-root-cause-analysis-steps.html]
[framerusercontent.com/images/RJIrlwGlV18S5gpviocqEXKBs45d2.jpg]
[framerusercontent.com/images/OvrsmFqwwhp7Lo770He0C7feIf09b8c.jpg]
[framerusercontent.com/images/uBG5GO5vgimzNTxrCa1j5N1pA07bc8.jpg]
[www.rebelforce.nl/blog/ai-microlearning-roi-metrics-to-track.html]
[framerusercontent.com/images/zlFklKGxv4hY2Z3wnAGn7szqucc65e.jpg]
[www.rebelforce.nl/blog/digital-transformation-cost-estimator.html]
[framerusercontent.com/images/zlFklKGxv4hY2Z3wnAGn7szqucbcca.jpg]
[www.rebelforce.nl/blog/how-to-upgrade-ai-operating-model.html]
[framerusercontent.com/images/RDgxFlxg2emDSVrxcWuVDL0sIc65e.jpg]
[framerusercontent.com/images/mUeJkrZr6psh7Uu6xGAvV82i30.jpg]
[framerusercontent.com/images/goJ6Z83uaOQf9LtGYL8C2yByw.jpg]
[framerusercontent.com/images/A5PI6cjAML5mHp602yVF8pdkaQ.jpg]
[www.rebelforce.nl/blog/scalable-workflow-automation-frameworks-patterns.html]
[framerusercontent.com/images/RDgxFlxg2emDSVrxcWuVDL0sIcbb0.jpg]
[framerusercontent.com/images/mUeJkrZr6psh7Uu6xGAvV82i302ec3.jpg]
[framerusercontent.com/images/goJ6Z83uaOQf9LtGYL8C2yByw1ba9.jpg]
[framerusercontent.com/images/A5PI6cjAML5mHp602yVF8pdkaQ3660.jpg]
[www.rebelforce.nl/blog/ai-cloud-scaling-cost-optimization-strategies.html]
[www.rebelforce.nl/blog/_https_/app.wrapifai.com/embed/9a375d_.html]
[framerusercontent.com/images/EvCpXwN5PS4J1j5KIEtf4VbF9Ac65e.jpg]
[www.rebelforce.nl/blog/_https_/app.wrapifai.com/embed/1bfa95_]
[framerusercontent.com/images/EvCpXwN5PS4J1j5KIEtf4VbF9A4a08.jpg]
[www.rebelforce.nl/blog/data-driven-decision-maker-tool.html]
[www.rebelforce.nl/blog/_https_/app.wrapifai.com/embed/7c0818_.html]
[framerusercontent.com/images/JSVAe84WA4UaQw98bTPUmR1gLNkc65e.jpg]
[www.rebelforce.nl/blog/_https_/app.wrapifai.com/embed/d53d45_]
[www.rebelforce.nl/blog/workflow-bottleneck-finder.html]
[framerusercontent.com/images/JSVAe84WA4UaQw98bTPUmR1gLNk7271.jpg]
[www.rebelforce.nl/blog/process-improvement-idea-generator.html]
[framerusercontent.com/images/JLqaQ57BTMzLfL8ZFRd5A3v4E8cc65e.png]
[framerusercontent.com/images/i9I1GDFcAjCClh7x2v7VVs29sDg.jpg]
[framerusercontent.com/images/k7y7vz6zdgUNsZv1LhqDVzB4og.jpg]
[framerusercontent.com/images/JLqaQ57BTMzLfL8ZFRd5A3v4E8c0ee5.png]
[framerusercontent.com/images/i9I1GDFcAjCClh7x2v7VVs29sDgbbfa.jpg]
[framerusercontent.com/images/k7y7vz6zdgUNsZv1LhqDVzB4og03bd.jpg]
[www.rebelforce.nl/blog/data-driven-root-cause-analysis-steps.html]
[framerusercontent.com/images/6raWWbxfZlPYSy3mJsX3OYROcNUc65e.jpg]
[www.rebelforce.nl/blog/_https_/app.wrapifai.com/embed/b820ff_]
[framerusercontent.com/images/6raWWbxfZlPYSy3mJsX3OYROcNUb26d.jpg]
[www.rebelforce.nl/blog/digital-transformation-cost-estimator.html]
[framerusercontent.com/images/5wHjzGbU3PHDO7WZB3etioPemGAc65e.jpg]
[framerusercontent.com/images/Nr3ZJBUzVSoJ3tf4GIl7oSDFP6M.jpg]
[framerusercontent.com/images/ccFZDBbeSAUO0xNpQwWB2BgfE.jpg]
[framerusercontent.com/images/5wHjzGbU3PHDO7WZB3etioPemGAdb39.jpg]
[framerusercontent.com/images/Nr3ZJBUzVSoJ3tf4GIl7oSDFP6M0851.jpg]
[framerusercontent.com/images/ccFZDBbeSAUO0xNpQwWB2BgfEbfd6.jpg]
[www.rebelforce.nl/blog/scalable-workflow-automation-frameworks-patterns.html]
[www.rebelforce.nl/blog/_https_/app.wrapifai.com/embed/1bfa95_.html]
[www.rebelforce.nl/blog/_https_/app.wrapifai.com/embed/d53d45_.html]
[framerusercontent.com/images/ARBSoKJHNYe5F5mv2AubWEWWRUc65e.jpg]
[www.rebelforce.nl/blog/_https_/app.wrapifai.com/embed/05ab45_]
[framerusercontent.com/images/ARBSoKJHNYe5F5mv2AubWEWWRU0e28.jpg]
[www.rebelforce.nl/blog/workflow-bottleneck-finder.html]
[www.rebelforce.nl/blog/_https_/app.wrapifai.com/embed/b820ff_.html]
[www.rebelforce.nl/blog/_https_/app.wrapifai.com/embed/05ab45_.html]
